Archive member included to satisfy reference by file (symbol)

c:/program files/microchip/xc32/v4.00/bin/bin/../../lib/gcc/pic32c/8.3.1/../../../../pic32c/lib/thumb/v8-m.base/nofp\libpic32c.a(data_init.o)
                              build/default/production/_ext/1171490990/startup_xc32.o (__pic32c_data_initialization)
c:/program files/microchip/xc32/v4.00/bin/bin/../../lib/gcc/pic32c/8.3.1/../../../../pic32c/lib/thumb/v8-m.base/nofp\libc-musl.a(__libc_start_main.o)
                              build/default/production/_ext/1171490990/startup_xc32.o (__libc_init_array)
c:/program files/microchip/xc32/v4.00/bin/bin/../../lib/gcc/pic32c/8.3.1/../../../../pic32c/lib/thumb/v8-m.base/nofp\libc-musl.a(libc.o)
                              c:/program files/microchip/xc32/v4.00/bin/bin/../../lib/gcc/pic32c/8.3.1/../../../../pic32c/lib/thumb/v8-m.base/nofp\libc-musl.a(__libc_start_main.o) (__progname_full)
c:/program files/microchip/xc32/v4.00/bin/bin/../../lib/gcc/pic32c/8.3.1/../../../../pic32c/lib/thumb/v8-m.base/nofp\libc-musl.a(__environ.o)
                              c:/program files/microchip/xc32/v4.00/bin/bin/../../lib/gcc/pic32c/8.3.1/../../../../pic32c/lib/thumb/v8-m.base/nofp\libc-musl.a(__libc_start_main.o) (__environ)

Microchip PIC32 Memory-Usage Report

ROM Program-Memory Usage
section                    address  length [bytes]      (dec)  Description
-------                 ----------  -------------------------  -----------
.vectors                    0x8000           0xf4         244   
.text                       0x80f4           0x20          32  App's exec code 
.text.__pic32c_data_ini     0x8114           0x94         148   
.text.__libc_start_init     0x81a8           0x5c          92   
.text.Reset_Handler         0x8204           0x54          84   
.text                       0x8258           0x50          80  App's exec code 
.dinit                      0x82a8           0x40          64   
.text.main                  0x82e8            0xa          10   
.text.SYS_Initialize        0x82f2            0x8           8   
.text.Dummy_Handler         0x82fa            0x2           2   
.text.NonMaskableInt_Ha     0x82fc            0x2           2   
.text.HardFault_Handler     0x82fe            0x2           2   
.text.NVIC_Initialize       0x8300            0x2           2   
.text.Dummy_App_Func        0x8302            0x2           2   
.text.__dummy               0x8304            0x2           2   
      Total ROM used  :       0x306         774  2.4% of 0x8000
        --------------------------------------------------------------------------
         Total Program Memory used  :       0x306         774  2.4% of 0x8000
        --------------------------------------------------------------------------


RAM Data-Memory Usage
section                    address  length [bytes]      (dec)  Description
-------                 ----------  -------------------------  -----------
.bss                    0x20002000           0x74         116  Uninitialized data 
         Total RAM used  :        0x74         116  1.4% of 0x2000
        --------------------------------------------------------------------------
            Total Data Memory used  :        0x74         116  1.4% of 0x2000
        --------------------------------------------------------------------------


Dynamic Data-Memory Reservation
section                    address  length [bytes]      (dec)  Description
-------                 ----------  -------------------------  -----------
heap                    0x20002078          0x200         512  Reserved for heap 
stack                   0x20002290         0x1d60        7520  Reserved for stack 

        --------------------------------------------------------------------------

Discarded input sections

 .text          0x00000000        0x0 c:/program files/microchip/xc32/v4.00/bin/bin/../../lib/gcc/pic32c/8.3.1/thumb/v8-m.base/nofp/crti.o
 .data          0x00000000        0x0 c:/program files/microchip/xc32/v4.00/bin/bin/../../lib/gcc/pic32c/8.3.1/thumb/v8-m.base/nofp/crti.o
 .bss           0x00000000        0x0 c:/program files/microchip/xc32/v4.00/bin/bin/../../lib/gcc/pic32c/8.3.1/thumb/v8-m.base/nofp/crti.o
 .xc_stack_usage.hdr
                0x00000000        0xe c:/program files/microchip/xc32/v4.00/bin/bin/../../lib/gcc/pic32c/8.3.1/thumb/v8-m.base/nofp/crti.o
 .xc_stack_usage
                0x00000000       0x26 c:/program files/microchip/xc32/v4.00/bin/bin/../../lib/gcc/pic32c/8.3.1/thumb/v8-m.base/nofp/crti.o
 .data          0x00000000        0x4 c:/program files/microchip/xc32/v4.00/bin/bin/../../lib/gcc/pic32c/8.3.1/thumb/v8-m.base/nofp/crtbegin.o
 .xc_stack_usage
                0x00000000       0x3c c:/program files/microchip/xc32/v4.00/bin/bin/../../lib/gcc/pic32c/8.3.1/thumb/v8-m.base/nofp/crtbegin.o
 .xc_stack_usage.hdr
                0x00000000        0xe c:/program files/microchip/xc32/v4.00/bin/bin/../../lib/gcc/pic32c/8.3.1/thumb/v8-m.base/nofp/crtbegin.o
 .text          0x00000000        0x0 build/default/production/_ext/1360937237/main.o
 .data          0x00000000        0x0 build/default/production/_ext/1360937237/main.o
 .bss           0x00000000        0x0 build/default/production/_ext/1360937237/main.o
 .text          0x00000000        0x0 build/default/production/_ext/1171490990/initialization.o
 .data          0x00000000        0x0 build/default/production/_ext/1171490990/initialization.o
 .bss           0x00000000        0x0 build/default/production/_ext/1171490990/initialization.o
 .text          0x00000000        0x0 build/default/production/_ext/1171490990/interrupts.o
 .data          0x00000000        0x0 build/default/production/_ext/1171490990/interrupts.o
 .bss           0x00000000        0x0 build/default/production/_ext/1171490990/interrupts.o
 .text          0x00000000        0x0 build/default/production/_ext/1171490990/exceptions.o
 .data          0x00000000        0x0 build/default/production/_ext/1171490990/exceptions.o
 .bss           0x00000000        0x0 build/default/production/_ext/1171490990/exceptions.o
 .text.DebugMonitor_Handler
                0x00000000        0x2 build/default/production/_ext/1171490990/exceptions.o
 .text.MemoryManagement_Handler
                0x00000000        0x2 build/default/production/_ext/1171490990/exceptions.o
 .text.BusFault_Handler
                0x00000000        0x2 build/default/production/_ext/1171490990/exceptions.o
 .text.UsageFault_Handler
                0x00000000        0x2 build/default/production/_ext/1171490990/exceptions.o
 .text          0x00000000        0x0 build/default/production/_ext/163028504/xc32_monitor.o
 .data          0x00000000        0x0 build/default/production/_ext/163028504/xc32_monitor.o
 .bss           0x00000000        0x0 build/default/production/_ext/163028504/xc32_monitor.o
 .text._mon_getc
                0x00000000        0x4 build/default/production/_ext/163028504/xc32_monitor.o
 .text._mon_putc
                0x00000000        0x2 build/default/production/_ext/163028504/xc32_monitor.o
 .debug_info    0x00000000      0x2d4 build/default/production/_ext/163028504/xc32_monitor.o
 .debug_abbrev  0x00000000       0x80 build/default/production/_ext/163028504/xc32_monitor.o
 .debug_loc     0x00000000       0x25 build/default/production/_ext/163028504/xc32_monitor.o
 .debug_aranges
                0x00000000       0x28 build/default/production/_ext/163028504/xc32_monitor.o
 .debug_ranges  0x00000000       0x18 build/default/production/_ext/163028504/xc32_monitor.o
 .debug_line    0x00000000       0x7d build/default/production/_ext/163028504/xc32_monitor.o
 .debug_str     0x00000000        0x0 build/default/production/_ext/163028504/xc32_monitor.o
 .comment       0x00000000       0x54 build/default/production/_ext/163028504/xc32_monitor.o
 .debug_frame   0x00000000       0x30 build/default/production/_ext/163028504/xc32_monitor.o
 .ARM.attributes
                0x00000000       0x30 build/default/production/_ext/163028504/xc32_monitor.o
 .text          0x00000000        0x0 build/default/production/_ext/1865521619/plib_port.o
 .data          0x00000000        0x0 build/default/production/_ext/1865521619/plib_port.o
 .bss           0x00000000        0x0 build/default/production/_ext/1865521619/plib_port.o
 .text.PORT_GroupRead
                0x00000000        0x4 build/default/production/_ext/1865521619/plib_port.o
 .text.PORT_GroupWrite
                0x00000000        0xc build/default/production/_ext/1865521619/plib_port.o
 .text.PORT_GroupLatchRead
                0x00000000        0x4 build/default/production/_ext/1865521619/plib_port.o
 .text.PORT_GroupSet
                0x00000000        0x4 build/default/production/_ext/1865521619/plib_port.o
 .text.PORT_GroupClear
                0x00000000        0x4 build/default/production/_ext/1865521619/plib_port.o
 .text.PORT_GroupToggle
                0x00000000        0x4 build/default/production/_ext/1865521619/plib_port.o
 .text.PORT_GroupInputEnable
                0x00000000        0x4 build/default/production/_ext/1865521619/plib_port.o
 .text.PORT_GroupOutputEnable
                0x00000000        0x4 build/default/production/_ext/1865521619/plib_port.o
 .debug_info    0x00000000      0x809 build/default/production/_ext/1865521619/plib_port.o
 .debug_abbrev  0x00000000      0x12a build/default/production/_ext/1865521619/plib_port.o
 .debug_loc     0x00000000       0x94 build/default/production/_ext/1865521619/plib_port.o
 .debug_aranges
                0x00000000       0x58 build/default/production/_ext/1865521619/plib_port.o
 .debug_ranges  0x00000000       0x48 build/default/production/_ext/1865521619/plib_port.o
 .debug_line    0x00000000      0x1c8 build/default/production/_ext/1865521619/plib_port.o
 .debug_str     0x00000000        0xb build/default/production/_ext/1865521619/plib_port.o
 .comment       0x00000000       0x54 build/default/production/_ext/1865521619/plib_port.o
 .debug_frame   0x00000000       0x90 build/default/production/_ext/1865521619/plib_port.o
 .ARM.attributes
                0x00000000       0x30 build/default/production/_ext/1865521619/plib_port.o
 .text          0x00000000        0x0 build/default/production/_ext/1865468468/plib_nvic.o
 .data          0x00000000        0x0 build/default/production/_ext/1865468468/plib_nvic.o
 .bss           0x00000000        0x0 build/default/production/_ext/1865468468/plib_nvic.o
 .text.NVIC_INT_Enable
                0x00000000        0x8 build/default/production/_ext/1865468468/plib_nvic.o
 .text.NVIC_INT_Disable
                0x00000000       0x12 build/default/production/_ext/1865468468/plib_nvic.o
 .text.NVIC_INT_Restore
                0x00000000       0x12 build/default/production/_ext/1865468468/plib_nvic.o
 .text          0x00000000        0x0 build/default/production/_ext/1171490990/startup_xc32.o
 .data          0x00000000        0x0 build/default/production/_ext/1171490990/startup_xc32.o
 .bss           0x00000000        0x0 build/default/production/_ext/1171490990/startup_xc32.o
 .text          0x00000000        0x0 build/default/production/_ext/1171490990/libc_syscalls.o
 .data          0x00000000        0x0 build/default/production/_ext/1171490990/libc_syscalls.o
 .bss           0x00000000        0x0 build/default/production/_ext/1171490990/libc_syscalls.o
 .text._exit    0x00000000        0x2 build/default/production/_ext/1171490990/libc_syscalls.o
 .debug_info    0x00000000      0x39d build/default/production/_ext/1171490990/libc_syscalls.o
 .debug_abbrev  0x00000000       0x8d build/default/production/_ext/1171490990/libc_syscalls.o
 .debug_loc     0x00000000       0x15 build/default/production/_ext/1171490990/libc_syscalls.o
 .debug_aranges
                0x00000000       0x20 build/default/production/_ext/1171490990/libc_syscalls.o
 .debug_ranges  0x00000000       0x10 build/default/production/_ext/1171490990/libc_syscalls.o
 .debug_line    0x00000000       0xed build/default/production/_ext/1171490990/libc_syscalls.o
 .debug_str     0x00000000        0x0 build/default/production/_ext/1171490990/libc_syscalls.o
 .comment       0x00000000       0x54 build/default/production/_ext/1171490990/libc_syscalls.o
 .debug_frame   0x00000000       0x20 build/default/production/_ext/1171490990/libc_syscalls.o
 .ARM.attributes
                0x00000000       0x30 build/default/production/_ext/1171490990/libc_syscalls.o
 .text          0x00000000        0x0 c:/program files/microchip/xc32/v4.00/bin/bin/../../lib/gcc/pic32c/8.3.1/../../../../pic32c/lib/thumb/v8-m.base/nofp\libpic32c.a(data_init.o)
 .data          0x00000000        0x0 c:/program files/microchip/xc32/v4.00/bin/bin/../../lib/gcc/pic32c/8.3.1/../../../../pic32c/lib/thumb/v8-m.base/nofp\libpic32c.a(data_init.o)
 .xc_stack_usage
                0x00000000       0x2a c:/program files/microchip/xc32/v4.00/bin/bin/../../lib/gcc/pic32c/8.3.1/../../../../pic32c/lib/thumb/v8-m.base/nofp\libpic32c.a(data_init.o)
 .xc_stack_usage.hdr
                0x00000000        0xe c:/program files/microchip/xc32/v4.00/bin/bin/../../lib/gcc/pic32c/8.3.1/../../../../pic32c/lib/thumb/v8-m.base/nofp\libpic32c.a(data_init.o)
 .text          0x00000000        0x0 c:/program files/microchip/xc32/v4.00/bin/bin/../../lib/gcc/pic32c/8.3.1/../../../../pic32c/lib/thumb/v8-m.base/nofp\libc-musl.a(__libc_start_main.o)
 .data          0x00000000        0x0 c:/program files/microchip/xc32/v4.00/bin/bin/../../lib/gcc/pic32c/8.3.1/../../../../pic32c/lib/thumb/v8-m.base/nofp\libc-musl.a(__libc_start_main.o)
 .bss           0x00000000        0x0 c:/program files/microchip/xc32/v4.00/bin/bin/../../lib/gcc/pic32c/8.3.1/../../../../pic32c/lib/thumb/v8-m.base/nofp\libc-musl.a(__libc_start_main.o)
 .xc_stack_usage
                0x00000000       0x34 c:/program files/microchip/xc32/v4.00/bin/bin/../../lib/gcc/pic32c/8.3.1/../../../../pic32c/lib/thumb/v8-m.base/nofp\libc-musl.a(__libc_start_main.o)
 .xc_stack_usage.hdr
                0x00000000        0xe c:/program files/microchip/xc32/v4.00/bin/bin/../../lib/gcc/pic32c/8.3.1/../../../../pic32c/lib/thumb/v8-m.base/nofp\libc-musl.a(__libc_start_main.o)
 .text          0x00000000        0x0 c:/program files/microchip/xc32/v4.00/bin/bin/../../lib/gcc/pic32c/8.3.1/../../../../pic32c/lib/thumb/v8-m.base/nofp\libc-musl.a(libc.o)
 .data          0x00000000        0x0 c:/program files/microchip/xc32/v4.00/bin/bin/../../lib/gcc/pic32c/8.3.1/../../../../pic32c/lib/thumb/v8-m.base/nofp\libc-musl.a(libc.o)
 .xc_stack_usage.hdr
                0x00000000        0xe c:/program files/microchip/xc32/v4.00/bin/bin/../../lib/gcc/pic32c/8.3.1/../../../../pic32c/lib/thumb/v8-m.base/nofp\libc-musl.a(libc.o)
 .text          0x00000000        0x0 c:/program files/microchip/xc32/v4.00/bin/bin/../../lib/gcc/pic32c/8.3.1/../../../../pic32c/lib/thumb/v8-m.base/nofp\libc-musl.a(__environ.o)
 .data          0x00000000        0x0 c:/program files/microchip/xc32/v4.00/bin/bin/../../lib/gcc/pic32c/8.3.1/../../../../pic32c/lib/thumb/v8-m.base/nofp\libc-musl.a(__environ.o)
 .xc_stack_usage.hdr
                0x00000000        0xe c:/program files/microchip/xc32/v4.00/bin/bin/../../lib/gcc/pic32c/8.3.1/../../../../pic32c/lib/thumb/v8-m.base/nofp\libc-musl.a(__environ.o)
 .text          0x00000000        0x0 c:/program files/microchip/xc32/v4.00/bin/bin/../../lib/gcc/pic32c/8.3.1/thumb/v8-m.base/nofp/crtend.o
 .data          0x00000000        0x0 c:/program files/microchip/xc32/v4.00/bin/bin/../../lib/gcc/pic32c/8.3.1/thumb/v8-m.base/nofp/crtend.o
 .bss           0x00000000        0x0 c:/program files/microchip/xc32/v4.00/bin/bin/../../lib/gcc/pic32c/8.3.1/thumb/v8-m.base/nofp/crtend.o
 .eh_frame      0x00000000        0x4 c:/program files/microchip/xc32/v4.00/bin/bin/../../lib/gcc/pic32c/8.3.1/thumb/v8-m.base/nofp/crtend.o
 .xc_stack_usage.hdr
                0x00000000        0xe c:/program files/microchip/xc32/v4.00/bin/bin/../../lib/gcc/pic32c/8.3.1/thumb/v8-m.base/nofp/crtend.o
 .comment       0x00000000       0x54 c:/program files/microchip/xc32/v4.00/bin/bin/../../lib/gcc/pic32c/8.3.1/thumb/v8-m.base/nofp/crtend.o
 .ARM.attributes
                0x00000000       0x30 c:/program files/microchip/xc32/v4.00/bin/bin/../../lib/gcc/pic32c/8.3.1/thumb/v8-m.base/nofp/crtend.o
 .text          0x00000000        0x0 c:/program files/microchip/xc32/v4.00/bin/bin/../../lib/gcc/pic32c/8.3.1/thumb/v8-m.base/nofp/crtn.o
 .data          0x00000000        0x0 c:/program files/microchip/xc32/v4.00/bin/bin/../../lib/gcc/pic32c/8.3.1/thumb/v8-m.base/nofp/crtn.o
 .bss           0x00000000        0x0 c:/program files/microchip/xc32/v4.00/bin/bin/../../lib/gcc/pic32c/8.3.1/thumb/v8-m.base/nofp/crtn.o
 .xc_stack_usage.hdr
                0x00000000        0xe c:/program files/microchip/xc32/v4.00/bin/bin/../../lib/gcc/pic32c/8.3.1/thumb/v8-m.base/nofp/crtn.o

Memory Configuration

Name             Origin             Length             Attributes
rom              0x00008000         0x00008000         xrl
ram              0x20002000         0x00002000         xw !r
config_00804000  0x00804000         0x00000004
config_0080C000  0x0080c000         0x00000004
config_00804004  0x00804004         0x00000004
config_00804008  0x00804008         0x00000004
config_0080C0EC  0x0080c0ec         0x00000004
config_0080400C  0x0080400c         0x00000004
config_0080C010  0x0080c010         0x00000004
config_00804018  0x00804018         0x00000004
config_00804014  0x00804014         0x00000004
config_0080C018  0x0080c018         0x00000004
config_0080C004  0x0080c004         0x00000004
config_0080C01C  0x0080c01c         0x00000004
config_0080C020  0x0080c020         0x00000004
config_0080C024  0x0080c024         0x00000004
config_0080C028  0x0080c028         0x00000004
config_0080401C  0x0080401c         0x00000004
config_0080C02C  0x0080c02c         0x00000004
config_0080C030  0x0080c030         0x00000004
config_0080C008  0x0080c008         0x00000004
config_0080C034  0x0080c034         0x00000004
config_0080C038  0x0080c038         0x00000004
config_0080C03C  0x0080c03c         0x00000004
config_0080C040  0x0080c040         0x00000004
config_0080C0E0  0x0080c0e0         0x00000004
config_0080C044  0x0080c044         0x00000004
config_0080C048  0x0080c048         0x00000004
config_0080C04C  0x0080c04c         0x00000004
config_0080C050  0x0080c050         0x00000004
config_0080C054  0x0080c054         0x00000004
config_0080C058  0x0080c058         0x00000004
config_0080C0E4  0x0080c0e4         0x00000004
config_0080C05C  0x0080c05c         0x00000004
config_0080C060  0x0080c060         0x00000004
config_00804010  0x00804010         0x00000004
config_0080C064  0x0080c064         0x00000004
config_0080C068  0x0080c068         0x00000004
config_0080C06C  0x0080c06c         0x00000004
config_0080C0F0  0x0080c0f0         0x00000004
config_0080C0E8  0x0080c0e8         0x00000004
config_0080C0F4  0x0080c0f4         0x00000004
config_0080C0F8  0x0080c0f8         0x00000004
config_0080C014  0x0080c014         0x00000004
config_0080C0FC  0x0080c0fc         0x00000004
*default*        0x00000000         0xffffffff

Linker script and memory map

LOAD c:/program files/microchip/xc32/v4.00/bin/bin/../../lib/gcc/pic32c/8.3.1/thumb/v8-m.base/nofp/crti.o
LOAD c:/program files/microchip/xc32/v4.00/bin/bin/../../lib/gcc/pic32c/8.3.1/thumb/v8-m.base/nofp/crtbegin.o
LOAD build/default/production/_ext/1360937237/main.o
LOAD build/default/production/_ext/1171490990/initialization.o
LOAD build/default/production/_ext/1171490990/interrupts.o
LOAD build/default/production/_ext/1171490990/exceptions.o
LOAD build/default/production/_ext/163028504/xc32_monitor.o
LOAD build/default/production/_ext/1865521619/plib_port.o
LOAD build/default/production/_ext/1865468468/plib_nvic.o
LOAD build/default/production/_ext/1171490990/startup_xc32.o
LOAD build/default/production/_ext/1171490990/libc_syscalls.o
                0x00000001                __MPLAB_BUILD = 0x1
                0x00010000                __rom_end = (ORIGIN (rom) + LENGTH (rom))
                0x20004000                __ram_end = (ORIGIN (ram) + LENGTH (ram))

.config_00804000
 *(.config_00804000)

.config_0080C000
 *(.config_0080C000)

.config_00804004
 *(.config_00804004)

.config_00804008
 *(.config_00804008)

.config_0080C0EC
 *(.config_0080C0EC)

.config_0080400C
 *(.config_0080400C)

.config_0080C010
 *(.config_0080C010)

.config_00804018
 *(.config_00804018)

.config_00804014
 *(.config_00804014)

.config_0080C018
 *(.config_0080C018)

.config_0080C004
 *(.config_0080C004)

.config_0080C01C
 *(.config_0080C01C)

.config_0080C020
 *(.config_0080C020)

.config_0080C024
 *(.config_0080C024)

.config_0080C028
 *(.config_0080C028)

.config_0080401C
 *(.config_0080401C)

.config_0080C02C
 *(.config_0080C02C)

.config_0080C030
 *(.config_0080C030)

.config_0080C008
 *(.config_0080C008)

.config_0080C034
 *(.config_0080C034)

.config_0080C038
 *(.config_0080C038)

.config_0080C03C
 *(.config_0080C03C)

.config_0080C040
 *(.config_0080C040)

.config_0080C0E0
 *(.config_0080C0E0)

.config_0080C044
 *(.config_0080C044)

.config_0080C048
 *(.config_0080C048)

.config_0080C04C
 *(.config_0080C04C)

.config_0080C050
 *(.config_0080C050)

.config_0080C054
 *(.config_0080C054)

.config_0080C058
 *(.config_0080C058)

.config_0080C0E4
 *(.config_0080C0E4)

.config_0080C05C
 *(.config_0080C05C)

.config_0080C060
 *(.config_0080C060)

.config_00804010
 *(.config_00804010)

.config_0080C064
 *(.config_0080C064)

.config_0080C068
 *(.config_0080C068)

.config_0080C06C
 *(.config_0080C06C)

.config_0080C0F0
 *(.config_0080C0F0)

.config_0080C0E8
 *(.config_0080C0E8)

.config_0080C0F4
 *(.config_0080C0F4)

.config_0080C0F8
 *(.config_0080C0F8)

.config_0080C014
 *(.config_0080C014)

.config_0080C0FC
 *(.config_0080C0FC)

.vectors        0x00008000       0xf4
                0x00008000                . = ALIGN (0x4)
                0x00008000                _sfixed = .
 *(.vectors .vectors.* .vectors_default .vectors_default.*)
 .vectors.exception_table
                0x00008000       0xf4 build/default/production/_ext/1171490990/interrupts.o
                0x00008000                exception_table
 *(.isr_vector)
 *(.reset*)
 *(.after_vectors)

.text           0x000080f4       0x20
                0x000080f4                . = ALIGN (0x4)
 *(.glue_7t)
 .glue_7t       0x000080f4        0x0 linker stubs
 *(.glue_7)
 .glue_7        0x000080f4        0x0 linker stubs
 *veneer.o(.text.*)
 *nonsecure_entry.o(.text.*)
 *(.gnu.linkonce.r.*)
 *(.ARM.extab* .gnu.linkonce.armextab.*)
                0x000080f4                . = ALIGN (0x4)
 *(.init)
 .init          0x000080f4        0x4 c:/program files/microchip/xc32/v4.00/bin/bin/../../lib/gcc/pic32c/8.3.1/thumb/v8-m.base/nofp/crti.o
                0x000080f4                _init
 .init          0x000080f8        0x8 c:/program files/microchip/xc32/v4.00/bin/bin/../../lib/gcc/pic32c/8.3.1/thumb/v8-m.base/nofp/crtn.o
                0x00008100                . = ALIGN (0x4)
                0x00008100                __preinit_array_start = .
 *(.preinit_array)
                0x00008100                __preinit_array_end = .
                0x00008100                . = ALIGN (0x4)
                0x00008100                __init_array_start = .
 *(SORT_BY_NAME(.init_array.*))
 *(.init_array)
 .init_array    0x00008100        0x4 c:/program files/microchip/xc32/v4.00/bin/bin/../../lib/gcc/pic32c/8.3.1/thumb/v8-m.base/nofp/crtbegin.o
                0x00008104                __init_array_end = .
                0x00008104                . = ALIGN (0x4)
 *crtbegin.o(.ctors)
 *(EXCLUDE_FILE(*crtend.o) .ctors)
 *(SORT_BY_NAME(.ctors.*))
 *crtend.o(.ctors)
                0x00008104                . = ALIGN (0x4)
 *(.fini)
 .fini          0x00008104        0x4 c:/program files/microchip/xc32/v4.00/bin/bin/../../lib/gcc/pic32c/8.3.1/thumb/v8-m.base/nofp/crti.o
                0x00008104                _fini
 .fini          0x00008108        0x8 c:/program files/microchip/xc32/v4.00/bin/bin/../../lib/gcc/pic32c/8.3.1/thumb/v8-m.base/nofp/crtn.o
                0x00008110                . = ALIGN (0x4)
                0x00008110                __fini_array_start = .
 *(.fini_array)
 .fini_array    0x00008110        0x4 c:/program files/microchip/xc32/v4.00/bin/bin/../../lib/gcc/pic32c/8.3.1/thumb/v8-m.base/nofp/crtbegin.o
 *(SORT_BY_NAME(.fini_array.*))
                0x00008114                __fini_array_end = .
 *crtbegin.o(.dtors)
 *(EXCLUDE_FILE(*crtend.o) .dtors)
 *(SORT_BY_NAME(.dtors.*))
 *crtend.o(.dtors)
                0x00008114                . = ALIGN (0x4)
                0x00008114                _efixed = .
                [!provide]                PROVIDE (__exidx_start = .)

.ARM.exidx
 *(.ARM.exidx* .gnu.linkonce.armexidx.*)
                [!provide]                PROVIDE (__exidx_end = .)
                0x00008114                . = ALIGN (0x4)
                0x00008114                _etext = .

.bss            0x20002000        0x0
                0x20002000                . = ALIGN (0x4)
                0x20002000                __bss_start__ = .
                0x20002000                _sbss = .
                0x20002000                _szero = .
 *(COMMON)
                0x20002000                . = ALIGN (0x4)
                0x20002000                __bss_end__ = .
                0x20002000                _ebss = .
                0x20002000                _ezero = .
                0x20002000                . = ALIGN (0x4)
                0x20002000                _end = .
                0x20003fff                _ram_end_ = ((ORIGIN (ram) + LENGTH (ram)) - 0x1)
                0x00000200                _min_heap_size = 0x200
LOAD ./LEDBlinkSecure_Secure_sg_veneer.lib
START GROUP
LOAD c:/program files/microchip/xc32/v4.00/bin/bin/../../lib/gcc/pic32c/8.3.1/../../../../pic32c/lib/thumb/v8-m.base/nofp\libpic32c.a
LOAD c:/program files/microchip/xc32/v4.00/bin/bin/../../lib/gcc/pic32c/8.3.1/../../../../pic32c/lib/thumb/v8-m.base/nofp\libm-emfloat.a
LOAD c:/program files/microchip/xc32/v4.00/bin/bin/../../lib/gcc/pic32c/8.3.1/../../../../pic32c/lib/thumb/v8-m.base/nofp\libc-musl.a
LOAD c:/program files/microchip/xc32/v4.00/bin/bin/../../lib/gcc/pic32c/8.3.1/../../../../pic32c/lib/thumb/v8-m.base/nofp\libm-emfloat.a
LOAD c:/program files/microchip/xc32/v4.00/bin/bin/../../lib/gcc/pic32c/8.3.1/thumb/v8-m.base/nofp\libgcc.a
END GROUP
LOAD c:/program files/microchip/xc32/v4.00/bin/bin/../../lib/gcc/pic32c/8.3.1/thumb/v8-m.base/nofp/crtend.o
LOAD c:/program files/microchip/xc32/v4.00/bin/bin/../../lib/gcc/pic32c/8.3.1/thumb/v8-m.base/nofp/crtn.o
OUTPUT(dist/default/production/LEDBlinkSecure_NonSecure.X.production.elf elf32-littlearm)
LOAD stack
LOAD data_init

.ARM.attributes
                0x00000000       0x30
 .ARM.attributes
                0x00000000       0x22 c:/program files/microchip/xc32/v4.00/bin/bin/../../lib/gcc/pic32c/8.3.1/thumb/v8-m.base/nofp/crti.o
 .ARM.attributes
                0x00000022       0x30 c:/program files/microchip/xc32/v4.00/bin/bin/../../lib/gcc/pic32c/8.3.1/thumb/v8-m.base/nofp/crtbegin.o
 .ARM.attributes
                0x00000052       0x30 build/default/production/_ext/1360937237/main.o
 .ARM.attributes
                0x00000082       0x30 build/default/production/_ext/1171490990/initialization.o
 .ARM.attributes
                0x000000b2       0x30 build/default/production/_ext/1171490990/interrupts.o
 .ARM.attributes
                0x000000e2       0x30 build/default/production/_ext/1171490990/exceptions.o
 .ARM.attributes
                0x00000112       0x30 build/default/production/_ext/1865468468/plib_nvic.o
 .ARM.attributes
                0x00000142       0x30 build/default/production/_ext/1171490990/startup_xc32.o
 .ARM.attributes
                0x00000172       0x30 c:/program files/microchip/xc32/v4.00/bin/bin/../../lib/gcc/pic32c/8.3.1/../../../../pic32c/lib/thumb/v8-m.base/nofp\libpic32c.a(data_init.o)
 .ARM.attributes
                0x000001a2       0x32 c:/program files/microchip/xc32/v4.00/bin/bin/../../lib/gcc/pic32c/8.3.1/../../../../pic32c/lib/thumb/v8-m.base/nofp\libc-musl.a(__libc_start_main.o)
 .ARM.attributes
                0x000001d4       0x32 c:/program files/microchip/xc32/v4.00/bin/bin/../../lib/gcc/pic32c/8.3.1/../../../../pic32c/lib/thumb/v8-m.base/nofp\libc-musl.a(libc.o)
 .ARM.attributes
                0x00000206       0x32 c:/program files/microchip/xc32/v4.00/bin/bin/../../lib/gcc/pic32c/8.3.1/../../../../pic32c/lib/thumb/v8-m.base/nofp\libc-musl.a(__environ.o)
 .ARM.attributes
                0x00000238       0x22 c:/program files/microchip/xc32/v4.00/bin/bin/../../lib/gcc/pic32c/8.3.1/thumb/v8-m.base/nofp/crtn.o

.comment        0x00000000       0x53
 .comment       0x00000000       0x53 c:/program files/microchip/xc32/v4.00/bin/bin/../../lib/gcc/pic32c/8.3.1/thumb/v8-m.base/nofp/crtbegin.o
                                 0x54 (size before relaxing)
 .comment       0x00000053       0x54 build/default/production/_ext/1360937237/main.o
 .comment       0x00000053       0x54 build/default/production/_ext/1171490990/initialization.o
 .comment       0x00000053       0x54 build/default/production/_ext/1171490990/interrupts.o
 .comment       0x00000053       0x54 build/default/production/_ext/1171490990/exceptions.o
 .comment       0x00000053       0x54 build/default/production/_ext/1865468468/plib_nvic.o
 .comment       0x00000053       0x54 build/default/production/_ext/1171490990/startup_xc32.o
 .comment       0x00000053       0x54 c:/program files/microchip/xc32/v4.00/bin/bin/../../lib/gcc/pic32c/8.3.1/../../../../pic32c/lib/thumb/v8-m.base/nofp\libpic32c.a(data_init.o)
 .comment       0x00000053       0x54 c:/program files/microchip/xc32/v4.00/bin/bin/../../lib/gcc/pic32c/8.3.1/../../../../pic32c/lib/thumb/v8-m.base/nofp\libc-musl.a(__libc_start_main.o)
 .comment       0x00000053       0x54 c:/program files/microchip/xc32/v4.00/bin/bin/../../lib/gcc/pic32c/8.3.1/../../../../pic32c/lib/thumb/v8-m.base/nofp\libc-musl.a(libc.o)
 .comment       0x00000053       0x54 c:/program files/microchip/xc32/v4.00/bin/bin/../../lib/gcc/pic32c/8.3.1/../../../../pic32c/lib/thumb/v8-m.base/nofp\libc-musl.a(__environ.o)

.debug_info     0x00000000     0x34cd
 .debug_info    0x00000000      0x338 build/default/production/_ext/1360937237/main.o
 .debug_info    0x00000338      0x368 build/default/production/_ext/1171490990/initialization.o
 .debug_info    0x000006a0      0xb07 build/default/production/_ext/1171490990/interrupts.o
 .debug_info    0x000011a7      0x3fc build/default/production/_ext/1171490990/exceptions.o
 .debug_info    0x000015a3      0x543 build/default/production/_ext/1865468468/plib_nvic.o
 .debug_info    0x00001ae6      0x4d8 build/default/production/_ext/1171490990/startup_xc32.o
 .debug_info    0x00001fbe      0x2de c:/program files/microchip/xc32/v4.00/bin/bin/../../lib/gcc/pic32c/8.3.1/../../../../pic32c/lib/thumb/v8-m.base/nofp\libpic32c.a(data_init.o)
 .debug_info    0x0000229c      0x6b6 c:/program files/microchip/xc32/v4.00/bin/bin/../../lib/gcc/pic32c/8.3.1/../../../../pic32c/lib/thumb/v8-m.base/nofp\libc-musl.a(__libc_start_main.o)
 .debug_info    0x00002952      0x5e2 c:/program files/microchip/xc32/v4.00/bin/bin/../../lib/gcc/pic32c/8.3.1/../../../../pic32c/lib/thumb/v8-m.base/nofp\libc-musl.a(libc.o)
 .debug_info    0x00002f34      0x599 c:/program files/microchip/xc32/v4.00/bin/bin/../../lib/gcc/pic32c/8.3.1/../../../../pic32c/lib/thumb/v8-m.base/nofp\libc-musl.a(__environ.o)

.debug_abbrev   0x00000000      0x6e7
 .debug_abbrev  0x00000000       0x6a build/default/production/_ext/1360937237/main.o
 .debug_abbrev  0x0000006a       0x77 build/default/production/_ext/1171490990/initialization.o
 .debug_abbrev  0x000000e1       0xb5 build/default/production/_ext/1171490990/interrupts.o
 .debug_abbrev  0x00000196       0x3e build/default/production/_ext/1171490990/exceptions.o
 .debug_abbrev  0x000001d4      0x121 build/default/production/_ext/1865468468/plib_nvic.o
 .debug_abbrev  0x000002f5      0x110 build/default/production/_ext/1171490990/startup_xc32.o
 .debug_abbrev  0x00000405       0x2e c:/program files/microchip/xc32/v4.00/bin/bin/../../lib/gcc/pic32c/8.3.1/../../../../pic32c/lib/thumb/v8-m.base/nofp\libpic32c.a(data_init.o)
 .debug_abbrev  0x00000433      0x126 c:/program files/microchip/xc32/v4.00/bin/bin/../../lib/gcc/pic32c/8.3.1/../../../../pic32c/lib/thumb/v8-m.base/nofp\libc-musl.a(__libc_start_main.o)
 .debug_abbrev  0x00000559       0xc7 c:/program files/microchip/xc32/v4.00/bin/bin/../../lib/gcc/pic32c/8.3.1/../../../../pic32c/lib/thumb/v8-m.base/nofp\libc-musl.a(libc.o)
 .debug_abbrev  0x00000620       0xc7 c:/program files/microchip/xc32/v4.00/bin/bin/../../lib/gcc/pic32c/8.3.1/../../../../pic32c/lib/thumb/v8-m.base/nofp\libc-musl.a(__environ.o)

.debug_loc      0x00000000      0x125
 .debug_loc     0x00000000       0x20 build/default/production/_ext/1360937237/main.o
 .debug_loc     0x00000020       0x45 build/default/production/_ext/1171490990/initialization.o
 .debug_loc     0x00000065       0x2e build/default/production/_ext/1865468468/plib_nvic.o
 .debug_loc     0x00000093       0x20 build/default/production/_ext/1171490990/startup_xc32.o
 .debug_loc     0x000000b3       0x14 c:/program files/microchip/xc32/v4.00/bin/bin/../../lib/gcc/pic32c/8.3.1/../../../../pic32c/lib/thumb/v8-m.base/nofp\libpic32c.a(data_init.o)
 .debug_loc     0x000000c7       0x5e c:/program files/microchip/xc32/v4.00/bin/bin/../../lib/gcc/pic32c/8.3.1/../../../../pic32c/lib/thumb/v8-m.base/nofp\libc-musl.a(__libc_start_main.o)

.debug_aranges  0x00000000      0x180
 .debug_aranges
                0x00000000       0x20 build/default/production/_ext/1360937237/main.o
 .debug_aranges
                0x00000020       0x20 build/default/production/_ext/1171490990/initialization.o
 .debug_aranges
                0x00000040       0x20 build/default/production/_ext/1171490990/interrupts.o
 .debug_aranges
                0x00000060       0x48 build/default/production/_ext/1171490990/exceptions.o
 .debug_aranges
                0x000000a8       0x38 build/default/production/_ext/1865468468/plib_nvic.o
 .debug_aranges
                0x000000e0       0x28 build/default/production/_ext/1171490990/startup_xc32.o
 .debug_aranges
                0x00000108       0x20 c:/program files/microchip/xc32/v4.00/bin/bin/../../lib/gcc/pic32c/8.3.1/../../../../pic32c/lib/thumb/v8-m.base/nofp\libpic32c.a(data_init.o)
 .debug_aranges
                0x00000128       0x28 c:/program files/microchip/xc32/v4.00/bin/bin/../../lib/gcc/pic32c/8.3.1/../../../../pic32c/lib/thumb/v8-m.base/nofp\libc-musl.a(__libc_start_main.o)
 .debug_aranges
                0x00000150       0x18 c:/program files/microchip/xc32/v4.00/bin/bin/../../lib/gcc/pic32c/8.3.1/../../../../pic32c/lib/thumb/v8-m.base/nofp\libc-musl.a(libc.o)
 .debug_aranges
                0x00000168       0x18 c:/program files/microchip/xc32/v4.00/bin/bin/../../lib/gcc/pic32c/8.3.1/../../../../pic32c/lib/thumb/v8-m.base/nofp\libc-musl.a(__environ.o)

.debug_ranges   0x00000000       0xf0
 .debug_ranges  0x00000000       0x10 build/default/production/_ext/1360937237/main.o
 .debug_ranges  0x00000010       0x10 build/default/production/_ext/1171490990/initialization.o
 .debug_ranges  0x00000020       0x10 build/default/production/_ext/1171490990/interrupts.o
 .debug_ranges  0x00000030       0x38 build/default/production/_ext/1171490990/exceptions.o
 .debug_ranges  0x00000068       0x28 build/default/production/_ext/1865468468/plib_nvic.o
 .debug_ranges  0x00000090       0x18 build/default/production/_ext/1171490990/startup_xc32.o
 .debug_ranges  0x000000a8       0x10 c:/program files/microchip/xc32/v4.00/bin/bin/../../lib/gcc/pic32c/8.3.1/../../../../pic32c/lib/thumb/v8-m.base/nofp\libpic32c.a(data_init.o)
 .debug_ranges  0x000000b8       0x38 c:/program files/microchip/xc32/v4.00/bin/bin/../../lib/gcc/pic32c/8.3.1/../../../../pic32c/lib/thumb/v8-m.base/nofp\libc-musl.a(__libc_start_main.o)

.debug_line     0x00000000      0xc0f
 .debug_line    0x00000000       0x6d build/default/production/_ext/1360937237/main.o
 .debug_line    0x0000006d       0x9a build/default/production/_ext/1171490990/initialization.o
 .debug_line    0x00000107       0xba build/default/production/_ext/1171490990/interrupts.o
 .debug_line    0x000001c1       0xc6 build/default/production/_ext/1171490990/exceptions.o
 .debug_line    0x00000287      0x1ed build/default/production/_ext/1865468468/plib_nvic.o
 .debug_line    0x00000474      0x159 build/default/production/_ext/1171490990/startup_xc32.o
 .debug_line    0x000005cd      0x12d c:/program files/microchip/xc32/v4.00/bin/bin/../../lib/gcc/pic32c/8.3.1/../../../../pic32c/lib/thumb/v8-m.base/nofp\libpic32c.a(data_init.o)
 .debug_line    0x000006fa      0x244 c:/program files/microchip/xc32/v4.00/bin/bin/../../lib/gcc/pic32c/8.3.1/../../../../pic32c/lib/thumb/v8-m.base/nofp\libc-musl.a(__libc_start_main.o)
 .debug_line    0x0000093e      0x132 c:/program files/microchip/xc32/v4.00/bin/bin/../../lib/gcc/pic32c/8.3.1/../../../../pic32c/lib/thumb/v8-m.base/nofp\libc-musl.a(libc.o)
 .debug_line    0x00000a70      0x19f c:/program files/microchip/xc32/v4.00/bin/bin/../../lib/gcc/pic32c/8.3.1/../../../../pic32c/lib/thumb/v8-m.base/nofp\libc-musl.a(__environ.o)

.debug_str      0x00000000       0x4e
 .debug_str     0x00000000        0xf build/default/production/_ext/1360937237/main.o
 .debug_str     0x0000000f       0x10 build/default/production/_ext/1171490990/initialization.o
 .debug_str     0x0000001f        0x0 build/default/production/_ext/1171490990/interrupts.o
 .debug_str     0x0000001f        0x0 build/default/production/_ext/1171490990/exceptions.o
 .debug_str     0x0000001f        0x0 build/default/production/_ext/1865468468/plib_nvic.o
 .debug_str     0x0000001f       0x2f build/default/production/_ext/1171490990/startup_xc32.o
 .debug_str     0x0000004e        0x0 c:/program files/microchip/xc32/v4.00/bin/bin/../../lib/gcc/pic32c/8.3.1/../../../../pic32c/lib/thumb/v8-m.base/nofp\libpic32c.a(data_init.o)
 .debug_str     0x0000004e        0x0 c:/program files/microchip/xc32/v4.00/bin/bin/../../lib/gcc/pic32c/8.3.1/../../../../pic32c/lib/thumb/v8-m.base/nofp\libc-musl.a(__libc_start_main.o)
 .debug_str     0x0000004e        0x0 c:/program files/microchip/xc32/v4.00/bin/bin/../../lib/gcc/pic32c/8.3.1/../../../../pic32c/lib/thumb/v8-m.base/nofp\libc-musl.a(libc.o)
 .debug_str     0x0000004e        0x0 c:/program files/microchip/xc32/v4.00/bin/bin/../../lib/gcc/pic32c/8.3.1/../../../../pic32c/lib/thumb/v8-m.base/nofp\libc-musl.a(__environ.o)

.debug_frame    0x00000000      0x1d4
 .debug_frame   0x00000000       0x28 build/default/production/_ext/1360937237/main.o
 .debug_frame   0x00000028       0x28 build/default/production/_ext/1171490990/initialization.o
 .debug_frame   0x00000050       0x20 build/default/production/_ext/1171490990/interrupts.o
 .debug_frame   0x00000070       0x70 build/default/production/_ext/1171490990/exceptions.o
 .debug_frame   0x000000e0       0x50 build/default/production/_ext/1865468468/plib_nvic.o
 .debug_frame   0x00000130       0x38 build/default/production/_ext/1171490990/startup_xc32.o
 .debug_frame   0x00000168       0x34 c:/program files/microchip/xc32/v4.00/bin/bin/../../lib/gcc/pic32c/8.3.1/../../../../pic32c/lib/thumb/v8-m.base/nofp\libpic32c.a(data_init.o)
 .debug_frame   0x0000019c       0x38 c:/program files/microchip/xc32/v4.00/bin/bin/../../lib/gcc/pic32c/8.3.1/../../../../pic32c/lib/thumb/v8-m.base/nofp\libc-musl.a(__libc_start_main.o)

.note.GNU-stack
                0x00000000        0x0
 .note.GNU-stack
                0x00000000        0x0 c:/program files/microchip/xc32/v4.00/bin/bin/../../lib/gcc/pic32c/8.3.1/../../../../pic32c/lib/thumb/v8-m.base/nofp\libc-musl.a(__libc_start_main.o)
 .note.GNU-stack
                0x00000000        0x0 c:/program files/microchip/xc32/v4.00/bin/bin/../../lib/gcc/pic32c/8.3.1/../../../../pic32c/lib/thumb/v8-m.base/nofp\libc-musl.a(libc.o)
 .note.GNU-stack
                0x00000000        0x0 c:/program files/microchip/xc32/v4.00/bin/bin/../../lib/gcc/pic32c/8.3.1/../../../../pic32c/lib/thumb/v8-m.base/nofp\libc-musl.a(__environ.o)

.stack          0x20002290      0x100
 .stack         0x20002290      0x100 stack

.bss%1          0x20002000       0x74
 .bss           0x20002000       0x50 c:/program files/microchip/xc32/v4.00/bin/bin/../../lib/gcc/pic32c/8.3.1/../../../../pic32c/lib/thumb/v8-m.base/nofp\libc-musl.a(libc.o)
                0x20002000                __progname_full
                0x20002000                program_invocation_name
                0x20002004                program_invocation_short_name
                0x20002004                __progname
                0x20002008                __sysinfo
                0x2000200c                __hwcap
                0x20002010                __libc
 .bss           0x20002050       0x1c c:/program files/microchip/xc32/v4.00/bin/bin/../../lib/gcc/pic32c/8.3.1/thumb/v8-m.base/nofp/crtbegin.o
 .bss           0x2000206c        0x4 c:/program files/microchip/xc32/v4.00/bin/bin/../../lib/gcc/pic32c/8.3.1/../../../../pic32c/lib/thumb/v8-m.base/nofp\libpic32c.a(data_init.o)
 .bss           0x20002070        0x4 c:/program files/microchip/xc32/v4.00/bin/bin/../../lib/gcc/pic32c/8.3.1/../../../../pic32c/lib/thumb/v8-m.base/nofp\libc-musl.a(__environ.o)
                0x20002070                __environ
                0x20002070                environ
                0x20002070                ___environ
                0x20002070                _environ

.eh_frame%z1    0x00000000        0x0
 .eh_frame      0x00000000        0x0 c:/program files/microchip/xc32/v4.00/bin/bin/../../lib/gcc/pic32c/8.3.1/thumb/v8-m.base/nofp/crtbegin.o

.text.__pic32c_data_initialization%5
                0x00008114       0x94
 .text.__pic32c_data_initialization
                0x00008114       0x94 c:/program files/microchip/xc32/v4.00/bin/bin/../../lib/gcc/pic32c/8.3.1/../../../../pic32c/lib/thumb/v8-m.base/nofp\libpic32c.a(data_init.o)
                0x00008114                __pic32c_data_initialization

.text.__libc_start_init%6
                0x000081a8       0x5c
 .text.__libc_start_init
                0x000081a8       0x5c c:/program files/microchip/xc32/v4.00/bin/bin/../../lib/gcc/pic32c/8.3.1/../../../../pic32c/lib/thumb/v8-m.base/nofp\libc-musl.a(__libc_start_main.o)
                0x000081a8                __libc_init_array

.text.Reset_Handler%7
                0x00008204       0x54
 .text.Reset_Handler
                0x00008204       0x54 build/default/production/_ext/1171490990/startup_xc32.o
                0x00008204                Reset_Handler

.text%8         0x00008258       0x50
 .text          0x00008258       0x50 c:/program files/microchip/xc32/v4.00/bin/bin/../../lib/gcc/pic32c/8.3.1/thumb/v8-m.base/nofp/crtbegin.o

.dinit%9        0x000082a8       0x40
 .dinit         0x000082a8       0x40 data_init

.text.main%10   0x000082e8        0xa
 .text.main     0x000082e8        0xa build/default/production/_ext/1360937237/main.o
                0x000082e8                main

.text.SYS_Initialize%11
                0x000082f2        0x8
 .text.SYS_Initialize
                0x000082f2        0x8 build/default/production/_ext/1171490990/initialization.o
                0x000082f2                SYS_Initialize

.text.Dummy_Handler%12
                0x000082fa        0x2
 .text.Dummy_Handler
                0x000082fa        0x2 build/default/production/_ext/1171490990/interrupts.o
                0x000082fa                SysTick_Handler
                0x000082fa                PendSV_Handler
                0x000082fa                Dummy_Handler
                0x000082fa                SVCall_Handler

.text.NonMaskableInt_Handler%13
                0x000082fc        0x2
 .text.NonMaskableInt_Handler
                0x000082fc        0x2 build/default/production/_ext/1171490990/exceptions.o
                0x000082fc                NonMaskableInt_Handler

.text.HardFault_Handler%14
                0x000082fe        0x2
 .text.HardFault_Handler
                0x000082fe        0x2 build/default/production/_ext/1171490990/exceptions.o
                0x000082fe                HardFault_Handler

.text.NVIC_Initialize%15
                0x00008300        0x2
 .text.NVIC_Initialize
                0x00008300        0x2 build/default/production/_ext/1865468468/plib_nvic.o
                0x00008300                NVIC_Initialize

.text.Dummy_App_Func%16
                0x00008302        0x2
 .text.Dummy_App_Func
                0x00008302        0x2 build/default/production/_ext/1171490990/startup_xc32.o
                0x00008302                _on_reset
                0x00008302                _on_bootstrap
                0x00008302                __xc32_on_reset
                0x00008302                Dummy_App_Func
                0x00008302                __xc32_on_bootstrap

.text.__dummy%17
                0x00008304        0x2
 .text.__dummy  0x00008304        0x2 c:/program files/microchip/xc32/v4.00/bin/bin/../../lib/gcc/pic32c/8.3.1/../../../../pic32c/lib/thumb/v8-m.base/nofp\libc-musl.a(__libc_start_main.o)
                0x00008304                __init_stdio
                0x00008304                __init_host
